../../solids/diamondC_2x1x1-Gaussian_pp_cplx_MSD_excited/twf_input/Carbon2x1x1-tw1.out