  Input file(s): qmc_long.in.xml 

=====================================================
                    QMCPACK 3.9.9

       (c) Copyright 2003-  QMCPACK developers

                    Please cite:
 J. Kim et al. J. Phys. Cond. Mat. 30 195901 (2018)
      https://doi.org/10.1088/1361-648X/aab9c3

  Git branch: MSD-Excited-States
  Last git commit: bc8e5a275d996c806938aa3a2256d91b2338b23d-dirty
  Last git commit date: Thu Oct 8 01:40:37 2020 -0500
  Last git commit subject: converter cleanup
=====================================================
  Global options 

  Total number of MPI ranks = 1
  Number of MPI groups      = 1
  MPI group ID              = 0
  Number of ranks in group  = 1
  MPI ranks per node        = 1
  OMP 1st level threads     = 8
  OMP nested threading disabled or only 1 thread on the 2nd level

  Precision used in this calculation, see definitions in the manual:
  Base precision      = double
  Full precision      = double

  CPU only build
  Timer build option is enabled. Current timer level is coarse

  Input XML = qmc_long.in.xml

  Project = qmc_long
  date    = 2020-10-09 22:52:54 CDT
  host    = abenali


 Random Number
 -------------
  Offset for the random number seeds based on time: 22

  Range of prime numbers to use as seeds over processors and threads = 89-131


 Lattice
 -------
  Simulation cell radius   = 1.947495 bohr
  Wigner-Seitz cell radius = 2.385185 bohr

  Lattice (bohr):      3.3731611500      3.3731611500      0.0000000000
                       0.0000000000      3.3731611500      3.3731611500
                       3.3731611500      0.0000000000      3.3731611500

  Boundary Conditions:  p  p  p 

  Volume (bohr^3) = 76.7611133056

  Reciprocal vectors without 2*pi.
    g_1 =       0.1482289098      0.1482289098     -0.1482289098
    g_2 =      -0.1482289098      0.1482289098      0.1482289098
    g_3 =       0.1482289098     -0.1482289098      0.1482289098

  Metric tensor in real-space.
    h_1 = 22.7564322877 11.3782161439 11.3782161439 
    h_2 = 11.3782161439 22.7564322877 11.3782161439 
    h_3 = 11.3782161439 11.3782161439 22.7564322877 

  Metric tensor in g-space.
    h_1 = 2.6022368383 -0.8674122794 -0.8674122794 
    h_2 = -0.8674122794 2.6022368383 -0.8674122794 
    h_3 = -0.8674122794 -0.8674122794 2.6022368383 

 Particle Set
 ------------
  Name: ion0

  Initializing the lattice by the global supercell
  All the species have the same mass 1.0000000000
  Long-range breakup parameters:
    rc*kc = 15.0000000000; rc = 1.9474954980; kc = 7.7022000901; tol = 0.0003000000

  Creating Structure Factor for periodic systems 7.7022000901
  KContainer initialised with cutoff 7.7022000901
   # of K-shell  = 25
   # of K points = 608

  Particle set size: 2


 Particle Set
 ------------
  Name: e

  Initializing the lattice by the global supercell
  All the species have the same mass 1.0000000000
  Long-range breakup parameters:
    rc*kc = 15.0000000000; rc = 1.9474954980; kc = 7.7022000901; tol = 0.0003000000

  Creating Structure Factor for periodic systems 7.7022000901
  KContainer initialised with cutoff 7.7022000901
   # of K-shell  = 25
   # of K points = 608

  Particle set size: 8


 Many-body wavefunction
 -------------------
  Name: psi0

  LCAO: SoaAtomicBasisSet<MultiQuintic,1>
Reading BasisSet from HDF5 file:../C_diamond-twist.h5
<input node="atomicBasisSet" name="bfd-vdz" expandYlm="pyscf" angular="spherical" elementType="C" normalized="no" type="Numerical" expM="0" />
  AO BasisSet for C
   Spherical Harmonics contain (-1)^m factor
   Angular momentum m expanded as -l, ... ,l, with the exception of L=1 (1,-1,0)
   Grid is created by the input paremters in h5
    Using log grid ri = 0.0000010000 rf = 100.0000000000 npts = 1001
   R(n,l,m,s) 0 0 0 0
   R(n,l,m,s) 1 0 0 0
   R(n,l,m,s) 2 1 0 0
   R(n,l,m,s) 3 1 0 0
   R(n,l,m,s) 4 2 0 0
Expanding Ylm as L=1 as (1,-1,0) and L>1 as -l,-l+1,...,l-1,l
   Adding 1 spherical orbitals
   Adding 1 spherical orbitals
   Adding 3 spherical orbitals
   Adding 3 spherical orbitals
   Adding 5 spherical orbitals
  Setting cutoff radius 80678.2096140088

   Maximum Angular Momentum  = 2
   Number of Radial functors = 5
   Basis size                = 13

  Created SPOSet builder named 'LCAOBSet' of type molecularorbital
Creating SPOSet in SlaterDetBuilder::put(xmlNodePtr cur).
spo_name = spo-up

     Single particle orbitals (SPO)
     ------------------------------
      Name: spo-up   Type: LCAO   Builder class name: LCAOrbitalBuilder

Creating SPOSet in SlaterDetBuilder::put(xmlNodePtr cur).
spo_name = spo-dn

     Single particle orbitals (SPO)
     ------------------------------
      Name: spo-dn   Type: LCAO   Builder class name: LCAOrbitalBuilder


   Multi Slater determinants
   -------------------------

    Using Bryan's table method.
      Creating base determinant (up) for MSD expansion. 
      Creating base determinant (down) for MSD expansion. 
Found Multideterminants in H5 File
Found determinant list. 
Reading CI expansion from HDF5:../MultiDet.h5
 Done reading CIs from H5!!
 Sorting unique CIs
 Done Sorting unique CIs
Found 204 terms in the MSD expansion.
Norm of ci vector (sum of ci^2): (0.5067987517,0.0681362053)
Found 72 unique up determinants.
Found 72 unique down determinants.
Number of terms in pairs array: 37
Number of terms in pairs array: 37
CI coefficients are not optimizable. 
  Added a fermionic WaveFunctionComponent SlaterDet

 Hamiltonian and observables
 ---------------------------
  Name: h0

  QMCHamiltonian::addOperator Kinetic to H, physical Hamiltonian 

  Creating CoulombHandler with the Esler Optimized Breakup. 
  KContainer initialised with cutoff 44.3527652081
   # of K-shell  = 759
   # of K points = 113394

  NUMBER OF OPT_BREAK KVECS = 37906580313
 finding kc:  7.7022000901 , 7.7022000901
  LRBreakp parameter Kc =7.7022000901
    Continuum approximation in k = [44.3527652081,3080.8800360496)

   LR Breakup chi^2 = 1.13641e-15
   PBCAA self-interaction term -6.29932
   PBCAA total constant -6.93869
  Maximum K shell 24
  Number of k vectors 608
  Fixed Coulomb potential for e
    e-e Madelung Const. =-0.32981
    Vtot     =0.00000
  QMCHamiltonian::addOperator ElecElec to H, physical Hamiltonian 
QMCHamiltonian::addOperatorType added type coulomb named ElecElec
  Clone CoulombHandler. 
   PBCAA self-interaction term -25.19730
   PBCAA total constant -25.83666
Checking ion-ion Ewald energy against reference...
  Check passed.
  Maximum K shell 24
  Number of k vectors 608
  Fixed Coulomb potential for ion0
    e-e Madelung Const. =-0.32981
    Vtot     =-12.77567
  QMCHamiltonian::addOperator IonIon to H, physical Hamiltonian 
QMCHamiltonian::addOperatorType added type coulomb named IonIon

  ECPotential builder for pseudopotential 

  Adding pseudopotential for C
   Linear grid  ri=0.00000 rf=10.00000 npts = 10001
    ECPComponentBuilder::buildSemiLocalAndLocal 
    Assuming Hartree unit
   Number of angular momentum channels 2
   Maximum angular momentum channel 1
   Creating a Linear Grid Rmax=1.70000
  Using global grid with delta = 0.00100
   Making L=1 a local potential with a radial cutoff of 9.99900
    Non-local pseudopotential parameters
    Maximum angular mementum = 0
    Number of non-local channels = 1
       l(0)=0
    Cutoff radius = 1.70000
    Spherical grids and weights: 
             1.0000000000      0.0000000000      0.0000000000        0.0833333333
            -1.0000000000      0.0000000000      0.0000000000        0.0833333333
             0.4472135955      0.8944271910      0.0000000000        0.0833333333
            -0.4472135955      0.7236067977      0.5257311121        0.0833333333
             0.4472135955      0.2763932023      0.8506508084        0.0833333333
            -0.4472135955     -0.2763932023      0.8506508084        0.0833333333
             0.4472135955     -0.7236067977      0.5257311121        0.0833333333
            -0.4472135955     -0.8944271910      0.0000000000        0.0833333333
             0.4472135955     -0.7236067977     -0.5257311121        0.0833333333
            -0.4472135955     -0.2763932023     -0.8506508084        0.0833333333
             0.4472135955      0.2763932023     -0.8506508084        0.0833333333
            -0.4472135955      0.7236067977     -0.5257311121        0.0833333333
    Maximum cutoff radius 1.7000000000
  Clone CoulombHandler. 
   Constant of PBCAB 1.2787301320
  Rcut                1.9474954980
  Maximum K shell     24
  Number of k vectors 608
    CoulombPBCAB::add 
 Setting a linear grid=[0,1.9474954980) number of grid =1948
    Creating the short-range pseudopotential for species 0
  QMCHamiltonian::addOperator LocalECP to H, physical Hamiltonian 

  Using NonLocalECP potential 
    Maximum grid on a sphere for NonLocalECPotential: 12
  QMCHamiltonian::addOperator NonLocalECP to H, physical Hamiltonian 
QMCHamiltonian::addOperatorType added type pseudo named PseudoPot

  QMCHamiltonian::add2WalkerProperty added
    5 to P::PropertyList 
    0 to P::Collectables 
    starting Index of the observables in P::PropertyList = 9
ParticleSetPool::randomize 1 ParticleSet.
<init source="ion0" target="e">
</init>
  Initialization Execution time = 0.2917 secs
=========================================================
 Summary of QMC systems 
=========================================================
ParticleSetPool has: 

  ParticleSet 'e' contains 8 particles :  u(4) d(4)

    u  2.9750265339e+00  2.7024598975e+00  8.7007734984e-01
    u  1.0809107438e+00  3.7386643560e+00  3.1213173341e+00
    u  2.5084915807e+00  2.4021837888e+00  2.1081968418e+00
    u  4.8749025569e+00  2.6167317838e+00  4.3770711251e+00
    d  3.6106380083e+00  5.6024614451e+00  3.3970990638e+00
    d  2.8481018538e+00  2.6200150069e+00  7.2282055860e-01
    d  2.8061376116e+00  1.5897469745e+00  2.0068948470e+00
    d  1.5133517235e+00  1.3163363829e+00  2.7812480773e+00

  Distance table for dissimilar particles (A-B):
    source: ion0  target: e
    Using structure-of-arrays (SoA) data layout
    Distance computations use general periodic cell in 3D with corner image checks.

  Distance table for similar particles (A-A):
    source/target: e
    Using structure-of-arrays (SoA) data layout
    Distance computations use general periodic cell in 3D with corner image checks.


  ParticleSet 'ion0' contains 2 particles :  C(2)

    C  0.0000000000e+00  0.0000000000e+00  0.0000000000e+00
    C  1.6865805750e+00  1.6865805750e+00  1.6865805750e+00

  Distance table for similar particles (A-A):
    source/target: ion0
    Using structure-of-arrays (SoA) data layout
    Distance computations use general periodic cell in 3D with corner image checks.


  Hamiltonian h0
  Kinetic         Kinetic energy
  ElecElec        CoulombPBCAA potential: e_e
  IonIon          CoulombPBCAA potential: ion0_ion0
  LocalECP        CoulombPBCAB potential source: ion0
  NonLocalECP     NonLocalECPotential: ion0


=========================================================
  Start VMC
  File Root qmc_long.s000 append = no 
=========================================================
Resetting walkers
  Adding 8 walkers to 0 existing sets
  Total number of walkers: 8.0000000000e+00
  Total weight: 8.0000000000e+00
  Resetting Properties of the walkers 1 x 14

<vmc function="put">
  qmc_counter=0  my_counter=0
  time step      = 1.0000000000e-01
  blocks         = 200
  steps          = 100
  substeps       = 1
  current        = 0
  target samples = 0.0000000000e+00
  walkers/mpi    = 8

  stepsbetweensamples = 20100
  SpinMoves      = no
<parameter name="blocks" condition="int">200</parameter>
<parameter name="blocks_between_recompute" condition="int">0</parameter>
<parameter name="check_properties" condition="int">100</parameter>
<parameter name="checkproperties" condition="int">100</parameter>
<parameter name="current" condition="int">0</parameter>
<parameter name="dmcwalkersperthread" condition="real">0.0000000000e+00</parameter>
<parameter name="maxcpusecs" condition="real">3.6000000000e+05</parameter>
<parameter name="record_configs" condition="int">0</parameter>
<parameter name="record_walkers" condition="int">20100</parameter>
<parameter name="recordconfigs" condition="int">0</parameter>
<parameter name="recordwalkers" condition="int">20100</parameter>
<parameter name="rewind" condition="int">0</parameter>
<parameter name="samples" condition="real">0.0000000000e+00</parameter>
<parameter name="samplesperthread" condition="real">0.0000000000e+00</parameter>
<parameter name="spinmass" condition="double">1.0000000000e+00</parameter>
<parameter name="spinmoves" condition="string">no</parameter>
<parameter name="steps" condition="int">100</parameter>
<parameter name="stepsbetweensamples" condition="int">20100</parameter>
<parameter name="store_configs" condition="int">0</parameter>
<parameter name="storeconfigs" condition="int">0</parameter>
<parameter name="sub_steps" condition="int">1</parameter>
<parameter name="substeps" condition="int">1</parameter>
<parameter name="tau" condition="au">1.0000000000e-01</parameter>
<parameter name="time_step" condition="au">1.0000000000e-01</parameter>
<parameter name="timestep" condition="au">1.0000000000e-01</parameter>
<parameter name="use_drift" condition="string">yes</parameter>
<parameter name="usedrift" condition="string">yes</parameter>
<parameter name="walkers" condition="int">8</parameter>
<parameter name="warmup_steps" condition="int">50</parameter>
<parameter name="warmupsteps" condition="int">50</parameter>
  DumpConfig==false Nothing (configurations, state) will be saved.
  Walker Samples are dumped every 20100 steps.
</vmc>
  Set drift_modifier UNR parameter a = 1.0000000000e+00
  Adding a default LocalEnergyEstimator for the MainEstimator 
  CloneManager::makeClones makes 8 clones for W/Psi/H.
  Cloning methods for both Psi and H are used
===== Memory Usage before cloning =====
Available memory on node 0, free + buffers : 13207 MB
Memory footprint by rank 0 on node 0       : 102 MB
==================================================
===== Memory Usage after cloning =====
Available memory on node 0, free + buffers : 13206 MB
Memory footprint by rank 0 on node 0       : 102 MB
==================================================
  Initial partition of walkers 0 1 2 3 4 5 6 7 8 

  Using Particle by Particle moves
  Walker moves with drift
  Total Sample Size   =0
  Walker distribution on root = 0 1 2 3 4 5 6 7 8 
  Using Locality Approximation
===== Memory Usage after the buffer registration =====
Available memory on node 0, free + buffers : 13205 MB
Memory footprint by rank 0 on node 0       : 102 MB
==================================================
  Anonymous Buffer size per walker : 73552 Bytes.
MEMORY increase 0 MB VMC::resetRun
====================================================
  SimpleFixedNodeBranch::finalize after a VMC block
    QMC counter        = 0
    time step          = 0.1
    reference energy   = -10.6731
    reference variance = 1.59268
====================================================
  QMC Execution time = 4.3939e+02 secs
  Total Execution time = 4.3939e+02 secs

=========================================================
  A new xml input file : qmc_long.s000.cont.xml

Use --enable-timers=<value> command line option to increase or decrease level of timing information
Stack timer profile
Timer      Inclusive_time  Exclusive_time  Calls       Time_per_call
Total       439.6873     0.0032              1     439.687258005
  Startup     0.2933     0.2933              1       0.293334007
  VMC       439.3907   439.3907              1     439.390676022
